// Vitest Snapshot v1, https://vitest.dev/guide/snapshot.html

exports[`renders Loader component 1`] = `<div />`;
