// Vitest Snapshot v1, https://vitest.dev/guide/snapshot.html

exports[`App > renders whole app 1`] = `
<div>
  <div
    class="content"
  >
    <header>
      <div
        class="_userBar_63c2ea _container_01e181"
      >
        <div
          class="_accountLinks_63c2ea"
        >
          <a
            href="/login"
          >
            Log-in
            <svg
              role="presentation"
              style="width: 1.5rem; height: 1.5rem;"
              viewBox="0 0 24 24"
            >
              <path
                d="M11 7L9.6 8.4L12.2 11H2V13H12.2L9.6 15.6L11 17L16 12L11 7M20 19H12V21H20C21.1 21 22 20.1 22 19V5C22 3.9 21.1 3 20 3H12V5H20V19Z"
                style="fill: currentColor;"
              />
            </svg>
          </a>
          <a
            href="/sign-up"
          >
            Sign Up 
            <svg
              role="presentation"
              style="width: 1.5rem; height: 1.5rem;"
              viewBox="0 0 24 24"
            >
              <path
                d="M15,14C12.33,14 7,15.33 7,18V20H23V18C23,15.33 17.67,14 15,14M6,10V7H4V10H1V12H4V15H6V12H9V10M15,12A4,4 0 0,0 19,8A4,4 0 0,0 15,4A4,4 0 0,0 11,8A4,4 0 0,0 15,12Z"
                style="fill: currentColor;"
              />
            </svg>
          </a>
        </div>
      </div>
      <hr
        class="_hr_5c36da"
      />
      <div
        class="_logoContainer_5c36da"
      >
        <a
          class="_logo_5c36da"
          href="/"
        >
          Daily Blog
        </a>
      </div>
      <hr
        class="_hr_5c36da"
      />
    </header>
    <main
      class="_main_ccfe8f"
    />
  </div>
</div>
`;
